{
  "fmt": "none",
  "aaguid": "08987058-cadc-4b81-b6e1-30de50dcbe96",
  "credentialType": "public-key",
  "credential": {
    "id": "4Cwp2Tw1fVuirRvACecVTHjvscsgUQSWsJWxoj6CnM0",
    "publicKey": {
      "0": 165,
      "1": 1,
      "2": 2,
      "3": 3,
      "4": 38,
      "5": 32,
      "6": 1,
      "7": 33,
      "8": 88,
      "9": 32,
      "10": 33,
      "11": 218,
      "12": 230,
      "13": 159,
      "14": 247,
      "15": 20,
      "16": 94,
      "17": 87,
      "18": 191,
      "19": 5,
      "20": 117,
      "21": 41,
      "22": 197,
      "23": 88,
      "24": 146,
      "25": 96,
      "26": 133,
      "27": 181,
      "28": 195,
      "29": 74,
      "30": 109,
      "31": 121,
      "32": 243,
      "33": 121,
      "34": 245,
      "35": 233,
      "36": 7,
      "37": 232,
      "38": 42,
      "39": 199,
      "40": 183,
      "41": 96,
      "42": 34,
      "43": 88,
      "44": 32,
      "45": 28,
      "46": 103,
      "47": 19,
      "48": 246,
      "49": 80,
      "50": 192,
      "51": 130,
      "52": 247,
      "53": 7,
      "54": 122,
      "55": 128,
      "56": 240,
      "57": 160,
      "58": 112,
      "59": 131,
      "60": 181,
      "61": 223,
      "62": 194,
      "63": 91,
      "64": 134,
      "65": 63,
      "66": 76,
      "67": 2,
      "68": 44,
      "69": 229,
      "70": 170,
      "71": 34,
      "72": 170,
      "73": 23,
      "74": 26,
      "75": 196,
      "76": 121
    },
    "counter": 0,
    "transports": [
      "internal"
    ]
  },
  "attestationObject": {
    "0": 163,
    "1": 99,
    "2": 102,
    "3": 109,
    "4": 116,
    "5": 100,
    "6": 110,
    "7": 111,
    "8": 110,
    "9": 101,
    "10": 103,
    "11": 97,
    "12": 116,
    "13": 116,
    "14": 83,
    "15": 116,
    "16": 109,
    "17": 116,
    "18": 160,
    "19": 104,
    "20": 97,
    "21": 117,
    "22": 116,
    "23": 104,
    "24": 68,
    "25": 97,
    "26": 116,
    "27": 97,
    "28": 88,
    "29": 164,
    "30": 73,
    "31": 150,
    "32": 13,
    "33": 229,
    "34": 136,
    "35": 14,
    "36": 140,
    "37": 104,
    "38": 116,
    "39": 52,
    "40": 23,
    "41": 15,
    "42": 100,
    "43": 118,
    "44": 96,
    "45": 91,
    "46": 143,
    "47": 228,
    "48": 174,
    "49": 185,
    "50": 162,
    "51": 134,
    "52": 50,
    "53": 199,
    "54": 153,
    "55": 92,
    "56": 243,
    "57": 186,
    "58": 131,
    "59": 29,
    "60": 151,
    "61": 99,
    "62": 69,
    "63": 0,
    "64": 0,
    "65": 0,
    "66": 0,
    "67": 8,
    "68": 152,
    "69": 112,
    "70": 88,
    "71": 202,
    "72": 220,
    "73": 75,
    "74": 129,
    "75": 182,
    "76": 225,
    "77": 48,
    "78": 222,
    "79": 80,
    "80": 220,
    "81": 190,
    "82": 150,
    "83": 0,
    "84": 32,
    "85": 224,
    "86": 44,
    "87": 41,
    "88": 217,
    "89": 60,
    "90": 53,
    "91": 125,
    "92": 91,
    "93": 162,
    "94": 173,
    "95": 27,
    "96": 192,
    "97": 9,
    "98": 231,
    "99": 21,
    "100": 76,
    "101": 120,
    "102": 239,
    "103": 177,
    "104": 203,
    "105": 32,
    "106": 81,
    "107": 4,
    "108": 150,
    "109": 176,
    "110": 149,
    "111": 177,
    "112": 162,
    "113": 62,
    "114": 130,
    "115": 156,
    "116": 205,
    "117": 165,
    "118": 1,
    "119": 2,
    "120": 3,
    "121": 38,
    "122": 32,
    "123": 1,
    "124": 33,
    "125": 88,
    "126": 32,
    "127": 33,
    "128": 218,
    "129": 230,
    "130": 159,
    "131": 247,
    "132": 20,
    "133": 94,
    "134": 87,
    "135": 191,
    "136": 5,
    "137": 117,
    "138": 41,
    "139": 197,
    "140": 88,
    "141": 146,
    "142": 96,
    "143": 133,
    "144": 181,
    "145": 195,
    "146": 74,
    "147": 109,
    "148": 121,
    "149": 243,
    "150": 121,
    "151": 245,
    "152": 233,
    "153": 7,
    "154": 232,
    "155": 42,
    "156": 199,
    "157": 183,
    "158": 96,
    "159": 34,
    "160": 88,
    "161": 32,
    "162": 28,
    "163": 103,
    "164": 19,
    "165": 246,
    "166": 80,
    "167": 192,
    "168": 130,
    "169": 247,
    "170": 7,
    "171": 122,
    "172": 128,
    "173": 240,
    "174": 160,
    "175": 112,
    "176": 131,
    "177": 181,
    "178": 223,
    "179": 194,
    "180": 91,
    "181": 134,
    "182": 63,
    "183": 76,
    "184": 2,
    "185": 44,
    "186": 229,
    "187": 170,
    "188": 34,
    "189": 170,
    "190": 23,
    "191": 26,
    "192": 196,
    "193": 121
  },
  "userVerified": true,
  "credentialDeviceType": "singleDevice",
  "credentialBackedUp": false,
  "origin": "http://localhost:3000",
  "rpID": "localhost"
}