{
  "authenticator": {
    "credentialPublicKey": "[Bytes]",
    "credentialID": "[Bytes]",
    "counter": 12,
    "publicKey": {
      "0": 165,
      "1": 1,
      "2": 2,
      "3": 3,
      "4": 38,
      "5": 32,
      "6": 1,
      "7": 33,
      "8": 88,
      "9": 32,
      "10": 150,
      "11": 121,
      "12": 223,
      "13": 18,
      "14": 123,
      "15": 63,
      "16": 136,
      "17": 85,
      "18": 75,
      "19": 72,
      "20": 44,
      "21": 212,
      "22": 254,
      "23": 223,
      "24": 81,
      "25": 0,
      "26": 245,
      "27": 194,
      "28": 4,
      "29": 111,
      "30": 192,
      "31": 83,
      "32": 134,
      "33": 206,
      "34": 109,
      "35": 76,
      "36": 129,
      "37": 237,
      "38": 43,
      "39": 138,
      "40": 202,
      "41": 36,
      "42": 34,
      "43": 88,
      "44": 32,
      "45": 233,
      "46": 153,
      "47": 13,
      "48": 78,
      "49": 188,
      "50": 29,
      "51": 19,
      "52": 82,
      "53": 81,
      "54": 251,
      "55": 90,
      "56": 76,
      "57": 87,
      "58": 65,
      "59": 196,
      "60": 220,
      "61": 167,
      "62": 6,
      "63": 165,
      "64": 12,
      "65": 65,
      "66": 101,
      "67": 61,
      "68": 7,
      "69": 196,
      "70": 64,
      "71": 122,
      "72": 171,
      "73": 4,
      "74": 122,
      "75": 137,
      "76": 227
    },
    "id": {
      "0": 62,
      "1": 46,
      "2": 222,
      "3": 242,
      "4": 70,
      "5": 4,
      "6": 186,
      "7": 253,
      "8": 54,
      "9": 240,
      "10": 183,
      "11": 205,
      "12": 155,
      "13": 12,
      "14": 81,
      "15": 156,
      "16": 70,
      "17": 193,
      "18": 137,
      "19": 244,
      "20": 29,
      "21": 7,
      "22": 71,
      "23": 126,
      "24": 169,
      "25": 16,
      "26": 221,
      "27": 99,
      "28": 21,
      "29": 150,
      "30": 163,
      "31": 35
    }
  },
  "body": {
    "id": "Pi7e8kYEuv028LfNmwxRnEbBifQdB0d-qRDdYxWWoyM",
    "rawId": "Pi7e8kYEuv028LfNmwxRnEbBifQdB0d-qRDdYxWWoyM",
    "response": {
      "authenticatorData": "SZYN5YgOjGh0NBcPZHZgW4_krrmihjLHmVzzuoMdl2MFAAAADQ",
      "clientDataJSON": "eyJ0eXBlIjoid2ViYXV0aG4uZ2V0IiwiY2hhbGxlbmdlIjoiTjVnRWhvaExsdXZWdzJNdUtxMnN5NXFoMHRINm1uWU5meTVxOVNHS0U4TSIsIm9yaWdpbiI6Imh0dHA6Ly9sb2NhbGhvc3Q6MzAwMCIsImNyb3NzT3JpZ2luIjpmYWxzZX0",
      "signature": "MEQCIFMSL7Ag55wUKizVUwvIH0g3mN723PidP_v0BAhAUFLMAiBiXCMH3EgFJ78vJ4_AeTqzeewBrnBjYasS1xcPIOkemQ",
      "userHandle": "ZAniTQdiS34vBqXDlHCiC7tNQ91SsfzRrLVnqAE7BLQ"
    },
    "type": "public-key",
    "clientExtensionResults": {},
    "authenticatorAttachment": "platform"
  },
  "challenge": "N5gEhohLluvVw2MuKq2sy5qh0tH6mnYNfy5q9SGKE8M"
}