[
  {
    "id": "cmikhphxu00075erxkgrckbrd",
    "externalId": "1mabNCSPQucbhbWuUdzZGuNjb0OVSB-AuKLvO9CbBT4",
    "publicKey": {
      "type": "Buffer",
      "data": [
        165,
        1,
        2,
        3,
        38,
        32,
        1,
        33,
        88,
        32,
        3,
        215,
        136,
        100,
        71,
        87,
        24,
        78,
        15,
        245,
        188,
        134,
        1,
        226,
        118,
        204,
        202,
        88,
        208,
        118,
        182,
        46,
        232,
        3,
        212,
        151,
        85,
        1,
        38,
        70,
        124,
        145,
        34,
        88,
        32,
        31,
        228,
        167,
        222,
        32,
        98,
        16,
        236,
        232,
        7,
        129,
        22,
        135,
        167,
        18,
        122,
        156,
        184,
        142,
        145,
        128,
        113,
        77,
        112,
        22,
        225,
        85,
        114,
        6,
        162,
        236,
        112
      ]
    },
    "signCount": 2,
    "transports": "[\"internal\"]",
    "userId": "cmikhphxu00065erxiyab75uh",
    "createdAt": "2025-11-29T16:12:38.802Z"
  },
  {
    "id": "cmiklf07w000m5erx3wshnglh",
    "externalId": "Pi7e8kYEuv028LfNmwxRnEbBifQdB0d-qRDdYxWWoyM",
    "publicKey": {
      "type": "Buffer",
      "data": [
        165,
        1,
        2,
        3,
        38,
        32,
        1,
        33,
        88,
        32,
        150,
        121,
        223,
        18,
        123,
        63,
        136,
        85,
        75,
        72,
        44,
        212,
        254,
        223,
        81,
        0,
        245,
        194,
        4,
        111,
        192,
        83,
        134,
        206,
        109,
        76,
        129,
        237,
        43,
        138,
        202,
        36,
        34,
        88,
        32,
        233,
        153,
        13,
        78,
        188,
        29,
        19,
        82,
        81,
        251,
        90,
        76,
        87,
        65,
        196,
        220,
        167,
        6,
        165,
        12,
        65,
        101,
        61,
        7,
        196,
        64,
        122,
        171,
        4,
        122,
        137,
        227
      ]
    },
    "signCount": 10,
    "transports": "[\"internal\"]",
    "userId": "cmikhphxu00065erxiyab75uh",
    "createdAt": "2025-11-29T17:56:27.738Z"
  }
]